src/app/analytics/conflicts/page.tsx(7,13): error TS2339: Property 'conflicts' does not exist on type 'BRDStore'.
src/app/analytics/conflicts/page.tsx(7,24): error TS2339: Property 'resolveConflict' does not exist on type 'BRDStore'.
src/app/analytics/conflicts/page.tsx(8,51): error TS7006: Parameter 'c' implicitly has an 'any' type.
src/app/analytics/conflicts/page.tsx(53,33): error TS7006: Parameter 'conflict' implicitly has an 'any' type.
src/app/analytics/conflicts/page.tsx(56,61): error TS7053: Element implicitly has an 'any' type because expression of type 'any' can't be used to index type '{ high: string; medium: string; low: string; }'.
src/app/analytics/conflicts/page.tsx(61,69): error TS7053: Element implicitly has an 'any' type because expression of type 'any' can't be used to index type '{ high: string; medium: string; low: string; }'.
src/app/analytics/conflicts/page.tsx(62,85): error TS7053: Element implicitly has an 'any' type because expression of type 'any' can't be used to index type '{ high: string; medium: string; low: string; }'.
src/app/dashboard/page.tsx(193,28): error TS2339: Property 'is_noise' does not exist on type 'Chunk'.
src/app/ingestion/page.tsx(406,63): error TS2304: Cannot find name 'cn'.
src/components/ui/NewBRDModal.tsx(28,9): error TS2554: Expected 2 arguments, but got 1.
src/components/workspace/BRDEditor.tsx(8,38): error TS2339: Property 'addCitation' does not exist on type 'BRDStore'.
src/components/workspace/BRDEditor.tsx(8,51): error TS2339: Property 'generateSection' does not exist on type 'BRDStore'.
src/components/workspace/BRDEditor.tsx(88,57): error TS2554: Expected 3 arguments, but got 2.
src/store/useBRDStore.ts(41,5): error TS2322: Type '{ id: keyof BRDSections; title: string; content: string; citations: never[]; }[]' is not assignable to type 'BRDSection[]'.
  Type '{ id: keyof BRDSections; title: string; content: string; citations: never[]; }' is not assignable to type 'BRDSection'.
    Types of property 'id' are incompatible.
      Type 'keyof BRDSections' is not assignable to type 'string'.
        Type 'number' is not assignable to type 'string'.
src/store/useBRDStore.ts(50,5): error TS2322: Type '{ id: keyof BRDSections; title: string; content: string; citations: never[]; }[]' is not assignable to type 'BRDSection[]'.
  Type '{ id: keyof BRDSections; title: string; content: string; citations: never[]; }' is not assignable to type 'BRDSection'.
    Types of property 'id' are incompatible.
      Type 'keyof BRDSections' is not assignable to type 'string'.
        Type 'number' is not assignable to type 'string'.
